75
75
 
cgen/specialize/twostep-large/@lift-xxx: () -> console ()
cgen/specialize/twostep-large/@lift-xxx: (int, int) -> list<int>
cgen/specialize/twostep-large/@lift-xxx: (int, int) -> list<int>
cgen/specialize/twostep-large/calls-large: (f : (int) -> int) -> console ()
cgen/specialize/twostep-large/large: (f : (int) -> int) -> int
cgen/specialize/twostep-large/main: () -> console ()