nat : V
 
static/div2-ack/Succ: (succ : nat) -> nat
static/div2-ack/Zero: nat
static/div2-ack/ack: (x : nat, y : nat) -> nat
static/div2-ack/is-succ: (nat : nat) -> bool
static/div2-ack/is-zero: (nat : nat) -> bool