static/shadow3b/id: forall<a> (x : a) -> a
test/static/shadow3b@kk(3,11): type warning: x shadows an earlier local definition or parameter