plain : Koka is a well-typed language
encoded: Krnd lv d zhoo-wbshg odqjxdjh
cracked: Koka is a well-typed language
 
medium/caesar/caesar: (s : string) -> string
medium/caesar/chisqr: (xs : list<float64>, ys : list<float64>) -> float64
medium/caesar/encode: (s : string, shift : ? int) -> string
medium/caesar/english: list<float64>
medium/caesar/example-uncaesar: () -> console ()
medium/caesar/freqs: (s : string) -> list<float64>
medium/caesar/main: () -> console ()
medium/caesar/percent: (n : int, m : int) -> float64
medium/caesar/rotate: forall<a> (xs : list<a>, n : int) -> list<a>
medium/caesar/uncaesar: (s : string) -> string