test/syntax/wrong/braces1@kk(4,15): parse error: invalid syntax
 unexpected ")"
 expecting ":", guard condition "|", "->" or "{"