test/type/wrong/higherrank3a@kk(4,12): type error: True does not match the argument types
 context : True
 term : True
 inferred type: bool
 expected type: int