test/type/wrong/hm1@kk(1,35): type error: True does not match the argument types
 context : True
 term : True
 inferred type: bool
 expected type: int