test/type/wrong/open1@kk(5,13): kind error: Type test1 is not defined
 hint: bind the variable using forall<test1> ?
test/type/wrong/open1@kk(5,13): kind error: Type test1 is not defined
 hint: bind the variable using forall<test1> ?