test/type/wrong/overlap2@kk(3, 5): type error: definition g is already defined in this module, at (2, 5)
 hint: use a local qualifier?