load UT1 calendar
sofa-ut1 : ok: 2006-01-15T21:24:37.834077267Z UT1
leap-ut1a : ok: 2012-06-30T23:59:57.413237497Z UT1
leap-ut1b : ok: 2012-06-30T23:59:58.413237498Z UT1
leap-ut1c : ok: 2012-06-30T23:59:59.413237499Z UT1
leap-ut1d : ok: 2012-07-01T00:00:00.412237500Z UT1
leap-ut1e : ok: 2012-07-01T00:00:00.413237500Z UT1
leap-ut1f : ok: 2012-07-01T00:00:01.413237502Z UT1
utc at tai epoch: ok: 1958-01-01T00:00:00Z
tt at tai epoch: ok: 1958-01-01T00:00:32.184Z TT
ut1 at tai epoch: ok: 1958-01-01T00:00:00.018Z UT1
ut2 at tai epoch: ok: 1958-01-01T00:00:00.013023922Z UT2