False,True,True,False
 
algeff/effs3b/amb_handle: forall<a,e> () -> ((() -> <amb|e> a) -> e list<a>)
algeff/effs3b/flip: () -> amb bool
algeff/effs3b/main: () -> console ()
algeff/effs3b/mmap: forall<a,b,e> (f : (a) -> e b, xs : list<a>) -> e list<b>
algeff/effs3b/upcast1: () -> amb string
algeff/effs3b/upcast2: () -> string
algeff/effs3b/xor: () -> amb bool
algeff/effs3b/xors: () -> amb string
algeff/effs3b/xorss: () -> amb string