[False,True,True,False]
[False,False,True,True,False]
[False,False]
 
algeff/effs2/amb: forall<a,e> (() -> <amb|e> a) -> e list<a>
algeff/effs2/flip: () -> amb bool
algeff/effs2/foo: () -> <amb,state<int>> bool
algeff/effs2/get: forall<a> () -> (state<a>) a
algeff/effs2/main: () -> console ()
algeff/effs2/set: forall<a> (i : a) -> (state<a>) ()
algeff/effs2/state: forall<a,e> (init : int, action : () -> <state<int>|e> a) -> e (a, int)
algeff/effs2/test1: () -> list<bool>
algeff/effs2/test2: () -> list<bool>
algeff/effs2/test3: () -> list<bool>
algeff/effs2/xor: () -> amb bool