10
 
algeff/open1/bar: () -> int
algeff/open1/hs: forall<e> list<(int) -> e int>
algeff/open1/main: () -> console ()
algeff/open1/myid: forall<a,e> () -> ((x : a) -> e a)