type/eff1/main: () -> pure ()
type/eff1/omega: () -> div ()