type/eff3/choose: forall<a> (x : a, y : a) -> a
type/eff3/test: forall<h> () -> <alloc<h>,exn> ref<h,int>
type/eff3/test2: () -> ()