type/eff4/ioapp: (f : () -> io ()) -> io ()
type/eff4/test: () -> io ()