type/eff4b/ioapp: (f : () -> ()) -> ()
type/eff4b/test: () -> ()