type/eff6b/remote: (f : () -> exn ()) -> exn ()
type/eff6b/test: (f : () -> exn ()) -> exn ()