type/eff8a/forever: forall<a,b,e> (f : () -> <console,div|e> a) -> <console,div|e> b