type/hr3a/ids: list<forall<a> (a) -> a>
type/hr3a/test1: () -> exn int