type/hr3b/ids: list<forall<a> (a) -> a>
type/hr3b/test1: () -> exn int