test/static/wrong/case1@kk(2,13): kind error: type fOO should be cased as foo