test/static/wrong/module1@kk(5,14): kind error: Type int is ambiguous@
 hint: It can refer to either static/modB/int, static/modA/int, or std/core/types/int
test/static/wrong/module1@kk(5,14): kind error: Type int is ambiguous@
 hint: It can refer to either static/modB/int, static/modA/int, or std/core/types/int