(1, 0): build error: could not find module: static/doesNotExist
 search path: @@@,@@@/lib,@@@/test