test/static/wrong/shadow2@kk(2,19): kind error: Type a is already defined