int : V
list : V -> V
tt : V -> V
uu : V
 
pub alias tt<a> :: V -> V = list<a> = 1
pub alias uu = list<list<tt<int>>> = 2