choose : V
id : V
total : X
 
pub alias choose = (id, id) -> id = 2
pub alias id = forall<a> (a) -> a = 1