aa : V
bb : V
cc : V
int : V
xx : V
 
pub alias aa = int = 1
pub alias bb = cc = 3
pub alias cc = aa = 2