app : (V -> V, V) -> V
id : V -> V
int : V
ok : V
 
pub alias ok = app<id,int> = 1