action: 42
finally, local: 42
raised: ouch
exc finalize
 
finally/finally2a/bar: () -> <console,exc,state> int
finally/finally2a/foo: () -> <console,exc> int
finally/finally2a/inc: () -> state int
finally/finally2a/main: () -> console ()
finally/finally2a/raise: forall<a> (s : string) -> exc a