module parc/parc22
import std/core/types = std/core/types pub = "";
import std/core/hnd = std/core/hnd pub = "";
import std/core/exn = std/core/exn pub = "";
import std/core/bool = std/core/bool pub = "";
import std/core/order = std/core/order pub = "";
import std/core/char = std/core/char pub = "";
import std/core/int = std/core/int pub = "";
import std/core/vector = std/core/vector pub = "";
import std/core/string = std/core/string pub = "";
import std/core/sslice = std/core/sslice pub = "";
import std/core/list = std/core/list pub = "";
import std/core/maybe = std/core/maybe pub = "";
import std/core/either = std/core/either pub = "";
import std/core/tuple = std/core/tuple pub = "";
import std/core/show = std/core/show pub = "";
import std/core/debug = std/core/debug pub = "";
import std/core/delayed = std/core/delayed pub = "";
import std/core/console = std/core/console pub = "";
import std/core = std/core = "";
pub rec type parc/parc22/hello[1,1,2,16] {
 pub con parc/parc22/World[2,3,2,7](i: int){0,1,8} : (i : int) -> parc/parc22/hello;
};
// Automatically generated@ Retrieves the `i` constructor field of the `:hello` type@
pub fun hello/i : (^ hello : parc/parc22/hello) -> int
 = fn(hello: parc/parc22/hello){
 match (hello) {
 (@skip parc/parc22/World((@x: int)) : parc/parc22/hello )
 -> std/core/types/@dup(@x);
 };
 };
pub fun hello/@copy : (@this : parc/parc22/hello, i : ? int) -> parc/parc22/hello
 = fn(@this: parc/parc22/hello, i: ? int){
 parc/parc22/World((match (i) {
 (std/core/types/@Optional(((@skip std/core/types/@Box((@uniq-i@xxx: int)) : @Box ) as @box-xxx: @Box)) : ? int )
 -> val _ : int
 = std/core/types/@dup(@uniq-i@xxx);
 val _ : ()
 = std/core/types/@drop(i);
 val _ : ()
 = std/core/types/@drop(@this, (std/core/types/@make-int32(1)));
 @uniq-i@xxx;
 (@skip std/core/types/@None() : ? int )
 -> val _ : ()
 = std/core/types/@drop(i);
 (match (@this) {
 (@skip parc/parc22/World((@x: int)) : parc/parc22/hello )
 -> val _ : ()
 = (match ((std/core/types/@is-unique(@this))) {
 (std/core/types/True() : bool )
 -> val _ : ()
 = std/core/types/Unit;
 std/core/types/@free(@this);
 _
 -> val _ : ()
 = val _ : int
 = std/core/types/@dup(@x);
 std/core/types/Unit;
 val _ : ()
 = std/core/types/@dec-ref(@this);
 std/core/types/Unit;
 });
 @x;
 });
 }));
 };
pub fun f : (h : parc/parc22/hello) -> parc/parc22/hello
 = fn(h: parc/parc22/hello){
 val @ru-x3 : @reuse
 = std/core/types/@no-reuse();
 val _ : ()
 = std/core/types/@assign-reuse(@ru-x3, (std/core/types/@drop-reuse(h, (std/core/types/@make-int32(1)))));
 std/core/types/@alloc-at(@ru-x3, (parc/parc22/World(2)));
 };