1test/cgen/rec4@kk(2,13): type warning: xs shadows an earlier local definition or parameter